// Jest Snapshot v1, https://goo.gl/fbAQLP

exports[`game reducer START_GAME starts a new game 1`] = `
Object {
  "board": Array [
    Array [
      0,
      0,
      0,
      0,
      0,
      0,
      0,
      0,
      0,
      0,
    ],
    Array [
      0,
      0,
      0,
      0,
      0,
      0,
      0,
      0,
      0,
      0,
    ],
    Array [
      0,
      0,
      0,
      0,
      0,
      0,
      0,
      0,
      0,
      0,
    ],
    Array [
      0,
      0,
      0,
      0,
      0,
      0,
      0,
      0,
      0,
      0,
    ],
    Array [
      0,
      0,
      0,
      0,
      0,
      0,
      0,
      0,
      0,
      0,
    ],
    Array [
      0,
      0,
      0,
      0,
      0,
      0,
      0,
      0,
      0,
      0,
    ],
    Array [
      0,
      0,
      0,
      0,
      0,
      0,
      0,
      0,
      0,
      0,
    ],
    Array [
      0,
      0,
      0,
      0,
      0,
      0,
      0,
      0,
      0,
      0,
    ],
    Array [
      0,
      0,
      0,
      0,
      0,
      0,
      0,
      0,
      0,
      0,
    ],
    Array [
      0,
      0,
      0,
      0,
      0,
      0,
      0,
      0,
      0,
      0,
    ],
    Array [
      0,
      0,
      0,
      0,
      0,
      0,
      0,
      0,
      0,
      0,
    ],
    Array [
      0,
      0,
      0,
      0,
      0,
      0,
      0,
      0,
      0,
      0,
    ],
    Array [
      0,
      0,
      0,
      0,
      0,
      0,
      0,
      0,
      0,
      0,
    ],
    Array [
      0,
      0,
      0,
      0,
      0,
      0,
      0,
      0,
      0,
      0,
    ],
    Array [
      0,
      0,
      0,
      0,
      0,
      0,
      0,
      0,
      0,
      0,
    ],
    Array [
      0,
      0,
      0,
      0,
      0,
      0,
      0,
      0,
      0,
      0,
    ],
    Array [
      0,
      0,
      0,
      0,
      0,
      0,
      0,
      0,
      0,
      0,
    ],
    Array [
      0,
      0,
      0,
      0,
      0,
      0,
      0,
      0,
      0,
      0,
    ],
    Array [
      0,
      0,
      0,
      0,
      0,
      0,
      0,
      0,
      0,
      0,
    ],
    Array [
      0,
      0,
      0,
      0,
      0,
      0,
      0,
      0,
      0,
      0,
    ],
    Array [
      0,
      0,
      0,
      0,
      0,
      0,
      0,
      0,
      0,
      0,
    ],
    Array [
      0,
      0,
      0,
      0,
      0,
      0,
      0,
      0,
      0,
      0,
    ],
    Array [
      0,
      0,
      0,
      0,
      0,
      0,
      0,
      0,
      0,
      0,
    ],
    Array [
      0,
      0,
      0,
      0,
      0,
      0,
      0,
      0,
      0,
      0,
    ],
    Array [
      0,
      0,
      0,
      0,
      0,
      0,
      0,
      0,
      0,
      0,
    ],
    Array [
      0,
      0,
      0,
      0,
      0,
      0,
      0,
      0,
      0,
      0,
    ],
    Array [
      0,
      0,
      0,
      0,
      0,
      0,
      0,
      0,
      0,
      0,
    ],
    Array [
      0,
      0,
      0,
      0,
      0,
      0,
      0,
      0,
      0,
      0,
    ],
  ],
  "height": 768,
  "input": null,
  "level": 0,
  "lines": 0,
  "lost": false,
  "modalUp": false,
  "pieces": Array [],
  "score": 0,
  "scores": Array [],
  "step": 38,
}
`;
